// Jest Snapshot v1, https://goo.gl/fbAQLP

exports[`SelectTypeFooter snapshot 1`] = `
<div
  className="editor-footer position-sticky"
  style={
    Object {
      "bottom": 0,
    }
  }
>
  <ModalDialog.Footer
    className="border-top-0"
  >
    <ActionRow>
      <ActionRow.Spacer />
      <Button
        aria-label="cancel"
        onClick={[MockFunction]}
        variant="tertiary"
      >
        <FormattedMessage
          defaultMessage="Cancel"
          description="Label for cancel button."
          id="authoring.problemeditor.selecttype.cancelButtonLabel"
        />
      </Button>
      <Button
        aria-label="select"
        disabled={true}
      >
        <FormattedMessage
          defaultMessage="Select"
          description="Label for select button."
          id="authoring.problemeditor.selecttype.selectButtonLabel"
        />
      </Button>
    </ActionRow>
  </ModalDialog.Footer>
</div>
`;
