// Jest Snapshot v1, https://goo.gl/fbAQLP

exports[`SourceCodeModal renders as expected with default behavior 1`] = `
<BaseModal
  close={[MockFunction]}
  confirmAction={
    <Button
      0="S"
      1="o"
      2="M"
      3="e"
      4="v"
      5="A"
      6="l"
      7="u"
      8="e"
      variant="primary"
    >
      <FormattedMessage
        defaultMessage="Next"
        description="Label for Next button"
        id="authoring.texteditor.selectimagemodal.next.label"
      />
    </Button>
  }
  footerAction={null}
  isOpen={false}
  size="xl"
  title="Add an image"
>
  <div
    style={
      Object {
        "height": "300px",
        "padding": "10px 30px",
      }
    }
  >
    <CodeEditor
      innerRef="moCKrEf"
      value="mOckHtMl"
    />
  </div>
</BaseModal>
`;
