// Jest Snapshot v1, https://goo.gl/fbAQLP

exports[`GroupFeedbackRow snapshot snapshot: renders hints row 1`] = `
<div
  className="mb-3"
>
  <ActionRow
    className="mb-1"
  >
    <Form.Control
      onBlur={[MockFunction handleEmptyFeedback]}
      onChange={[MockFunction handleFeedbackChange]}
      value="sOmE FeEDBACK"
    />
    <ActionRow.Spacer />
    <div
      className="d-flex flex-row flex-nowrap"
    >
      <IconButton
        alt="Delete answer"
        iconAs="Icon"
        onClick={[MockFunction handleDelete]}
        variant="primary"
      />
    </div>
  </ActionRow>
  <Component
    onChange={[MockFunction handleAnswersSelectedChange]}
    value={
      Array [
        "A",
        "C",
      ]
    }
  >
    <Row
      className="mx-0"
    >
      <Form.Checkbox
        checked={-1}
        className="mr-3 mt-1"
      />
      <Form.Checkbox
        checked={-1}
        className="mr-3 mt-1"
      />
      <Form.Checkbox
        checked={-1}
        className="mr-3 mt-1"
      />
      <Form.Checkbox
        checked={-1}
        className="mr-3 mt-1"
      />
    </Row>
  </Component>
</div>
`;
