// Jest Snapshot v1, https://goo.gl/fbAQLP

exports[`FetchErrorAlert Snapshots snapshot:  is ErrorAlert with Message error (ErrorAlert) 1`] = `
<ErrorAlert
  dismissError={null}
  hideHeading={false}
  isError={true}
>
  <FormattedMessage
    defaultMessage="Failed to obtain course images. Please try again."
    description="Message presented to user when images are not found"
    id="authoring.texteditor.selectimagemodal.error.fetchImagesError"
  />
</ErrorAlert>
`;
