// Jest Snapshot v1, https://goo.gl/fbAQLP

exports[`UploadErrorAlert Snapshots snapshot:  is ErrorAlert with Message error (ErrorAlert) 1`] = `
<ErrorAlert
  dismissError={null}
  hideHeading={false}
  isError={true}
>
  <FormattedMessage
    defaultMessage="Failed to upload image. Please try again."
    description="Message presented to user when image fails to upload"
    id="authoring.texteditor.selectimagemodal.error.uploadImageError"
  />
</ErrorAlert>
`;
