// Jest Snapshot v1, https://goo.gl/fbAQLP

exports[`HintRow snapshot snapshot: renders hints row 1`] = `
<ActionRow
  className="mb-4"
>
  <ExpandableTextArea
    error={false}
    errorMessage={null}
    id="hint-0"
    placeholder="Hint"
    setContent={[MockFunction]}
    value="hint_1"
  />
  <IconButton
    alt="Delete answer"
    iconAs="Icon"
    onClick={[MockFunction]}
  />
</ActionRow>
`;
