// Jest Snapshot v1, https://goo.gl/fbAQLP

exports[`TypeCard snapshot snapshot: renders type setting card 1`] = `
<SettingsOption
  summary="Text Input Problem"
  title="Type"
>
  <TypeRow
    answers={Array []}
    correctAnswerCount={0}
    key="multiplechoiceresponse"
    label="Single Select Problem"
    lastRow={false}
    selected={true}
    typeKey="multiplechoiceresponse"
    updateAnswer={[MockFunction args.updateAnswer]}
    updateField={[MockFunction args.updateField]}
  />
  <TypeRow
    answers={Array []}
    correctAnswerCount={0}
    key="choiceresponse"
    label="Multi Select Problem"
    lastRow={false}
    selected={true}
    typeKey="choiceresponse"
    updateAnswer={[MockFunction args.updateAnswer]}
    updateField={[MockFunction args.updateField]}
  />
  <TypeRow
    answers={Array []}
    correctAnswerCount={0}
    key="optionresponse"
    label="Dropdown Problem"
    lastRow={false}
    selected={true}
    typeKey="optionresponse"
    updateAnswer={[MockFunction args.updateAnswer]}
    updateField={[MockFunction args.updateField]}
  />
  <TypeRow
    answers={Array []}
    correctAnswerCount={0}
    key="numericalresponse"
    label="Numeric Response Problem"
    lastRow={false}
    selected={true}
    typeKey="numericalresponse"
    updateAnswer={[MockFunction args.updateAnswer]}
    updateField={[MockFunction args.updateField]}
  />
  <TypeRow
    answers={Array []}
    correctAnswerCount={0}
    key="stringresponse"
    label="Text Input Problem"
    lastRow={false}
    selected={false}
    typeKey="stringresponse"
    updateAnswer={[MockFunction args.updateAnswer]}
    updateField={[MockFunction args.updateField]}
  />
  <TypeRow
    answers={Array []}
    correctAnswerCount={0}
    key="advanced"
    label="Advanced Problem"
    lastRow={true}
    selected={true}
    typeKey="advanced"
    updateAnswer={[MockFunction args.updateAnswer]}
    updateField={[MockFunction args.updateField]}
  />
</SettingsOption>
`;
