// Jest Snapshot v1, https://goo.gl/fbAQLP

exports[`VideoSourceWidget snapshots snapshots: renders as expected with default props 1`] = `
<injectIntl(ShimmedIntlComponent)
  title="Video source"
>
  <Form.Group>
    <div
      className="border-primary-100 border-bottom pb-4"
    >
      <Form.Control
        floatingLabel="Video ID or URL"
        onBlur={[Function]}
        onChange={[MockFunction]}
        value=""
      />
    </div>
    <div
      className="mt-3"
    >
      <FormattedMessage
        defaultMessage="Fallback videos"
        description="Title for the fallback videos section"
        id="authoring.videoeditor.videoSource.fallbackVideo.title"
      />
    </div>
    <div>
      <FormattedMessage
        defaultMessage="To be sure all learners can access the video, edX
    recommends providing additional videos in both .mp4 and
    .webm formats.  The first listed video compatible with the
    learner's device will play."
        description="Test explaining reason for fallback videos"
        id="authoring.videoeditor.videoSource.fallbackVideo.message"
      />
    </div>
    <Form.Row
      className="mt-4"
    >
      <Form.Control
        floatingLabel="Video URL"
      />
      <IconButtonWithTooltip
        alt="Delete"
        iconAs="Icon"
        key="top-delete-somEUrL"
        onClick={[Function]}
        tooltipContent="Delete"
        tooltipPlacement="top"
      />
    </Form.Row>
    <ActionRow
      className="mt-4"
    >
      <Form.Checkbox
        checked={false}
        className="decorative-control-label"
        onChange={[MockFunction]}
      >
        <div
          className="small text-gray-700"
        >
          <FormattedMessage
            defaultMessage="Allow video downloads"
            description="Label for allow video downloads checkbox"
            id="authoring.videoeditor.videoSource.allowDownloadCheckboxLabel"
          />
        </div>
      </Form.Checkbox>
      <OverLayTrigger
        key="top"
        overlay={
          <ToolTip
            id="tooltip-top"
          >
            <FormattedMessage
              defaultMessage="Allow learners to download versions of this video in
    different formats if they cannot use the edX video player or do not have
    access to YouTube."
              description="Message for allow video downloads checkbox"
              id="authoring.videoeditor.videoSource.fallbackVideo.allowDownloadTooltipMessage"
            />
          </ToolTip>
        }
        placement="top"
      >
        <Icon
          style={
            Object {
              "height": "16px",
              "width": "16px",
            }
          }
        />
      </OverLayTrigger>
      <ActionRow.Spacer />
    </ActionRow>
  </Form.Group>
  <Button
    className="text-primary-500 font-weight-bold pl-0"
    onClick={[Function]}
    size="sm"
    variant="link"
  >
    <FormattedMessage
      defaultMessage="Add a video URL"
      description="Label for add a video URL button"
      id="authoring.videoeditor.videoSource.fallbackVideo.allowDownloadTooltipMessage"
    />
  </Button>
</injectIntl(ShimmedIntlComponent)>
`;
