// Jest Snapshot v1, https://goo.gl/fbAQLP

exports[`QuestionWidget render snapshot: renders correct default 1`] = `
<div
  className="question-widget"
>
  <div
    className="h4 mb-3"
  >
    <FormattedMessage
      defaultMessage="Question"
      description="Question Title"
      id="authoring.questionwidget.question.questionWidgetTitle"
    />
  </div>
  <TinyMceWidget
    assets={null}
    editorRef={null}
    editorType="problem"
    isLibrary={null}
    lmsEndpointUrl="sOmEvaLue.cOm"
    minHeight={150}
    placeholder="Enter your question"
    setEditorRef={[MockFunction hooks.prepareEditorRef.setEditorRef]}
    studioEndpointUrl="sOmEoThERvaLue.cOm"
    textValue="This is my question"
    updateQuestion={[MockFunction]}
  />
</div>
`;
