// Jest Snapshot v1, https://goo.gl/fbAQLP

exports[`EditableHeader snapshot snapshot 1`] = `
<Form.Group>
  <Form.Control
    autoFocus={true}
    onChange={[MockFunction args.handleChange]}
    onKeyDown={[MockFunction args.handleKeyDown]}
    placeholder="Title"
    trailingElement={
      <injectIntl(ShimmedIntlComponent)
        cancelEdit={[MockFunction args.cancelEdit]}
        updateTitle={[MockFunction args.updateTitle]}
      />
    }
    value="test-title-text"
  />
</Form.Group>
`;
